  Determining projects to restore...
  All projects are up-to-date for restore.
  MytechERP.domain -> G:\MYTECHERP FOLDER\first day of csharp\MytechERP\backend\MytechERP.domain\bin\Debug\net8.0\MytechERP.domain.dll
  MytechERP.Application -> G:\MYTECHERP FOLDER\first day of csharp\MytechERP\backend\MytechERP.Application\bin\Debug\net8.0\MytechERP.Application.dll
G:\MYTECHERP FOLDER\first day of csharp\MytechERP\backend\MyTechERP.Infrastructure\Services\UniversalSyncService.cs(8,7): warning CS0105: The using directive for 'Microsoft.EntityFrameworkCore' appeared previously in this namespace [G:\MYTECHERP FOLDER\first day of csharp\MytechERP\backend\MyTechERP.Infrastructure\MyTechERP.Infrastructure.csproj]
G:\MYTECHERP FOLDER\first day of csharp\MytechERP\backend\MyTechERP.Infrastructure\Persistence\ApplicationDbContext.cs(33,16): warning CS8618: Non-nullable field 'dummyUserService' must contain a non-null value when exiting constructor. Consider adding the 'required' modifier or declaring the field as nullable. [G:\MYTECHERP FOLDER\first day of csharp\MytechERP\backend\MyTechERP.Infrastructure\MyTechERP.Infrastructure.csproj]
G:\MYTECHERP FOLDER\first day of csharp\MytechERP\backend\MyTechERP.Infrastructure\Persistence\ApplicationDbContext.cs(39,16): warning CS8618: Non-nullable field '_currentUserService' must contain a non-null value when exiting constructor. Consider adding the 'required' modifier or declaring the field as nullable. [G:\MYTECHERP FOLDER\first day of csharp\MytechERP\backend\MyTechERP.Infrastructure\MyTechERP.Infrastructure.csproj]
G:\MYTECHERP FOLDER\first day of csharp\MytechERP\backend\MyTechERP.Infrastructure\Persistence\ApplicationDbContext.cs(155,48): warning CS8605: Unboxing a possibly null value. [G:\MYTECHERP FOLDER\first day of csharp\MytechERP\backend\MyTechERP.Infrastructure\MyTechERP.Infrastructure.csproj]
G:\MYTECHERP FOLDER\first day of csharp\MytechERP\backend\MyTechERP.Infrastructure\Services\WorkOrderService.cs(153,39): warning CS8602: Dereference of a possibly null reference. [G:\MYTECHERP FOLDER\first day of csharp\MytechERP\backend\MyTechERP.Infrastructure\MyTechERP.Infrastructure.csproj]
G:\MYTECHERP FOLDER\first day of csharp\MytechERP\backend\MyTechERP.Infrastructure\Services\WorkOrderService.cs(155,39): warning CS8602: Dereference of a possibly null reference. [G:\MYTECHERP FOLDER\first day of csharp\MytechERP\backend\MyTechERP.Infrastructure\MyTechERP.Infrastructure.csproj]
G:\MYTECHERP FOLDER\first day of csharp\MytechERP\backend\MyTechERP.Infrastructure\Services\WorkOrderService.cs(212,41): warning CS8600: Converting null literal or possible null value to non-nullable type. [G:\MYTECHERP FOLDER\first day of csharp\MytechERP\backend\MyTechERP.Infrastructure\MyTechERP.Infrastructure.csproj]
G:\MYTECHERP FOLDER\first day of csharp\MytechERP\backend\MyTechERP.Infrastructure\Services\WorkOrderService.cs(217,34): warning CS8600: Converting null literal or possible null value to non-nullable type. [G:\MYTECHERP FOLDER\first day of csharp\MytechERP\backend\MyTechERP.Infrastructure\MyTechERP.Infrastructure.csproj]
G:\MYTECHERP FOLDER\first day of csharp\MytechERP\backend\MyTechERP.Infrastructure\Repositories\WorkOrderRepository.cs(33,35): warning CS8602: Dereference of a possibly null reference. [G:\MYTECHERP FOLDER\first day of csharp\MytechERP\backend\MyTechERP.Infrastructure\MyTechERP.Infrastructure.csproj]
G:\MYTECHERP FOLDER\first day of csharp\MytechERP\backend\MyTechERP.Infrastructure\Services\WorkOrderService.cs(400,31): warning CS8629: Nullable value type may be null. [G:\MYTECHERP FOLDER\first day of csharp\MytechERP\backend\MyTechERP.Infrastructure\MyTechERP.Infrastructure.csproj]
G:\MYTECHERP FOLDER\first day of csharp\MytechERP\backend\MyTechERP.Infrastructure\Services\WorkOrderService.cs(401,32): warning CS8629: Nullable value type may be null. [G:\MYTECHERP FOLDER\first day of csharp\MytechERP\backend\MyTechERP.Infrastructure\MyTechERP.Infrastructure.csproj]
G:\MYTECHERP FOLDER\first day of csharp\MytechERP\backend\MyTechERP.Infrastructure\Repositories\WorkOrderRepository.cs(72,35): warning CS8602: Dereference of a possibly null reference. [G:\MYTECHERP FOLDER\first day of csharp\MytechERP\backend\MyTechERP.Infrastructure\MyTechERP.Infrastructure.csproj]
G:\MYTECHERP FOLDER\first day of csharp\MytechERP\backend\MyTechERP.Infrastructure\Services\UniversalSyncService.cs(59,98): warning CS8601: Possible null reference assignment. [G:\MYTECHERP FOLDER\first day of csharp\MytechERP\backend\MyTechERP.Infrastructure\MyTechERP.Infrastructure.csproj]
G:\MYTECHERP FOLDER\first day of csharp\MytechERP\backend\MyTechERP.Infrastructure\Services\UniversalSyncService.cs(59,32): warning CS8600: Converting null literal or possible null value to non-nullable type. [G:\MYTECHERP FOLDER\first day of csharp\MytechERP\backend\MyTechERP.Infrastructure\MyTechERP.Infrastructure.csproj]
G:\MYTECHERP FOLDER\first day of csharp\MytechERP\backend\MyTechERP.Infrastructure\Services\UniversalSyncService.cs(60,38): warning CS8602: Dereference of a possibly null reference. [G:\MYTECHERP FOLDER\first day of csharp\MytechERP\backend\MyTechERP.Infrastructure\MyTechERP.Infrastructure.csproj]
G:\MYTECHERP FOLDER\first day of csharp\MytechERP\backend\MyTechERP.Infrastructure\Services\UniversalSyncService.cs(110,40): warning CS8600: Converting null literal or possible null value to non-nullable type. [G:\MYTECHERP FOLDER\first day of csharp\MytechERP\backend\MyTechERP.Infrastructure\MyTechERP.Infrastructure.csproj]
G:\MYTECHERP FOLDER\first day of csharp\MytechERP\backend\MyTechERP.Infrastructure\Services\UniversalSyncService.cs(111,35): warning CS8602: Dereference of a possibly null reference. [G:\MYTECHERP FOLDER\first day of csharp\MytechERP\backend\MyTechERP.Infrastructure\MyTechERP.Infrastructure.csproj]
G:\MYTECHERP FOLDER\first day of csharp\MytechERP\backend\MyTechERP.Infrastructure\Migrations\QuotationRepository.cs(41,24): warning CS8603: Possible null reference return. [G:\MYTECHERP FOLDER\first day of csharp\MytechERP\backend\MyTechERP.Infrastructure\MyTechERP.Infrastructure.csproj]
G:\MYTECHERP FOLDER\first day of csharp\MytechERP\backend\MyTechERP.Infrastructure\Services\QuotationService.cs(71,34): warning CS8601: Possible null reference assignment. [G:\MYTECHERP FOLDER\first day of csharp\MytechERP\backend\MyTechERP.Infrastructure\MyTechERP.Infrastructure.csproj]
G:\MYTECHERP FOLDER\first day of csharp\MytechERP\backend\MyTechERP.Infrastructure\Services\QuotationService.cs(81,20): warning CS8603: Possible null reference return. [G:\MYTECHERP FOLDER\first day of csharp\MytechERP\backend\MyTechERP.Infrastructure\MyTechERP.Infrastructure.csproj]
G:\MYTECHERP FOLDER\first day of csharp\MytechERP\backend\MyTechERP.Infrastructure\Services\QuotationService.cs(136,20): warning CS8603: Possible null reference return. [G:\MYTECHERP FOLDER\first day of csharp\MytechERP\backend\MyTechERP.Infrastructure\MyTechERP.Infrastructure.csproj]
G:\MYTECHERP FOLDER\first day of csharp\MytechERP\backend\MyTechERP.Infrastructure\Seeds\DefaultRoles.cs(23,56): warning CS8604: Possible null reference argument for parameter 'adminRole' in 'Task DefaultRoles.SeedClaimsForSuperAdmin(RoleManager<IdentityRole> roleManager, IdentityRole adminRole)'. [G:\MYTECHERP FOLDER\first day of csharp\MytechERP\backend\MyTechERP.Infrastructure\MyTechERP.Infrastructure.csproj]
G:\MYTECHERP FOLDER\first day of csharp\MytechERP\backend\MyTechERP.Infrastructure\Services\QuotationService.cs(323,17): warning CS8602: Dereference of a possibly null reference. [G:\MYTECHERP FOLDER\first day of csharp\MytechERP\backend\MyTechERP.Infrastructure\MyTechERP.Infrastructure.csproj]
G:\MYTECHERP FOLDER\first day of csharp\MytechERP\backend\MyTechERP.Infrastructure\Services\QuotationService.cs(338,17): warning CS8602: Dereference of a possibly null reference. [G:\MYTECHERP FOLDER\first day of csharp\MytechERP\backend\MyTechERP.Infrastructure\MyTechERP.Infrastructure.csproj]
G:\MYTECHERP FOLDER\first day of csharp\MytechERP\backend\MyTechERP.Infrastructure\Services\AuthService.cs(153,75): warning CS8604: Possible null reference argument for parameter 's' in 'byte[] Encoding.GetBytes(string s)'. [G:\MYTECHERP FOLDER\first day of csharp\MytechERP\backend\MyTechERP.Infrastructure\MyTechERP.Infrastructure.csproj]
G:\MYTECHERP FOLDER\first day of csharp\MytechERP\backend\MyTechERP.Infrastructure\Services\AuthService.cs(157,71): warning CS8604: Possible null reference argument for parameter 's' in 'double double.Parse(string s)'. [G:\MYTECHERP FOLDER\first day of csharp\MytechERP\backend\MyTechERP.Infrastructure\MyTechERP.Infrastructure.csproj]
G:\MYTECHERP FOLDER\first day of csharp\MytechERP\backend\MyTechERP.Infrastructure\Services\AuthService.cs(169,29): warning CS8601: Possible null reference assignment. [G:\MYTECHERP FOLDER\first day of csharp\MytechERP\backend\MyTechERP.Infrastructure\MyTechERP.Infrastructure.csproj]
G:\MYTECHERP FOLDER\first day of csharp\MytechERP\backend\MyTechERP.Infrastructure\Services\AuthService.cs(170,32): warning CS8601: Possible null reference assignment. [G:\MYTECHERP FOLDER\first day of csharp\MytechERP\backend\MyTechERP.Infrastructure\MyTechERP.Infrastructure.csproj]
G:\MYTECHERP FOLDER\first day of csharp\MytechERP\backend\MyTechERP.Infrastructure\Services\BlobService.cs(21,39): warning CS8600: Converting null literal or possible null value to non-nullable type. [G:\MYTECHERP FOLDER\first day of csharp\MytechERP\backend\MyTechERP.Infrastructure\MyTechERP.Infrastructure.csproj]
G:\MYTECHERP FOLDER\first day of csharp\MytechERP\backend\MyTechERP.Infrastructure\Services\AuthService.cs(239,20): warning CS8619: Nullability of reference types in value of type 'List<string?>' doesn't match target type 'IEnumerable<string>'. [G:\MYTECHERP FOLDER\first day of csharp\MytechERP\backend\MyTechERP.Infrastructure\MyTechERP.Infrastructure.csproj]
G:\MYTECHERP FOLDER\first day of csharp\MytechERP\backend\MyTechERP.Infrastructure\Services\ProductImportService.cs(130,20): warning CS8603: Possible null reference return. [G:\MYTECHERP FOLDER\first day of csharp\MytechERP\backend\MyTechERP.Infrastructure\MyTechERP.Infrastructure.csproj]
G:\MYTECHERP FOLDER\first day of csharp\MytechERP\backend\MyTechERP.Infrastructure\Services\ProductImportService.cs(150,24): warning CS8600: Converting null literal or possible null value to non-nullable type. [G:\MYTECHERP FOLDER\first day of csharp\MytechERP\backend\MyTechERP.Infrastructure\MyTechERP.Infrastructure.csproj]
G:\MYTECHERP FOLDER\first day of csharp\MytechERP\backend\MyTechERP.Infrastructure\Services\ProductImportService.cs(151,17): warning CS8602: Dereference of a possibly null reference. [G:\MYTECHERP FOLDER\first day of csharp\MytechERP\backend\MyTechERP.Infrastructure\MyTechERP.Infrastructure.csproj]
G:\MYTECHERP FOLDER\first day of csharp\MytechERP\backend\MyTechERP.Infrastructure\Services\ContractService.cs(106,16): warning CS8602: Dereference of a possibly null reference. [G:\MYTECHERP FOLDER\first day of csharp\MytechERP\backend\MyTechERP.Infrastructure\MyTechERP.Infrastructure.csproj]
G:\MYTECHERP FOLDER\first day of csharp\MytechERP\backend\MyTechERP.Infrastructure\Services\DigitalSignatureService.cs(30,60): warning CS8604: Possible null reference argument for parameter 'uriString' in 'Uri.Uri(string uriString)'. [G:\MYTECHERP FOLDER\first day of csharp\MytechERP\backend\MyTechERP.Infrastructure\MyTechERP.Infrastructure.csproj]
G:\MYTECHERP FOLDER\first day of csharp\MytechERP\backend\MyTechERP.Infrastructure\Services\InvoiceService.cs(129,67): error CS1061: 'Customer' does not contain a definition for 'FirstName' and no accessible extension method 'FirstName' accepting a first argument of type 'Customer' could be found (are you missing a using directive or an assembly reference?) [G:\MYTECHERP FOLDER\first day of csharp\MytechERP\backend\MyTechERP.Infrastructure\MyTechERP.Infrastructure.csproj]
G:\MYTECHERP FOLDER\first day of csharp\MytechERP\backend\MyTechERP.Infrastructure\Services\InvoiceService.cs(129,90): error CS1061: 'Customer' does not contain a definition for 'LastName' and no accessible extension method 'LastName' accepting a first argument of type 'Customer' could be found (are you missing a using directive or an assembly reference?) [G:\MYTECHERP FOLDER\first day of csharp\MytechERP\backend\MyTechERP.Infrastructure\MyTechERP.Infrastructure.csproj]
G:\MYTECHERP FOLDER\first day of csharp\MytechERP\backend\MyTechERP.Infrastructure\Services\InvoiceService.cs(158,67): error CS1061: 'Customer' does not contain a definition for 'FirstName' and no accessible extension method 'FirstName' accepting a first argument of type 'Customer' could be found (are you missing a using directive or an assembly reference?) [G:\MYTECHERP FOLDER\first day of csharp\MytechERP\backend\MyTechERP.Infrastructure\MyTechERP.Infrastructure.csproj]
G:\MYTECHERP FOLDER\first day of csharp\MytechERP\backend\MyTechERP.Infrastructure\Services\InvoiceService.cs(158,90): error CS1061: 'Customer' does not contain a definition for 'LastName' and no accessible extension method 'LastName' accepting a first argument of type 'Customer' could be found (are you missing a using directive or an assembly reference?) [G:\MYTECHERP FOLDER\first day of csharp\MytechERP\backend\MyTechERP.Infrastructure\MyTechERP.Infrastructure.csproj]
G:\MYTECHERP FOLDER\first day of csharp\MytechERP\backend\MyTechERP.Infrastructure\Services\InvoiceService.cs(175,34): error CS0019: Operator '??' cannot be applied to operands of type 'decimal' and 'decimal' [G:\MYTECHERP FOLDER\first day of csharp\MytechERP\backend\MyTechERP.Infrastructure\MyTechERP.Infrastructure.csproj]
G:\MYTECHERP FOLDER\first day of csharp\MytechERP\backend\MyTechERP.Infrastructure\Services\EmailService.cs(72,41): warning CS8604: Possible null reference argument for parameter 'value' in 'bool bool.Parse(string value)'. [G:\MYTECHERP FOLDER\first day of csharp\MytechERP\backend\MyTechERP.Infrastructure\MyTechERP.Infrastructure.csproj]
G:\MYTECHERP FOLDER\first day of csharp\MytechERP\backend\MyTechERP.Infrastructure\Services\InventoryService.cs(186,32): warning CS8629: Nullable value type may be null. [G:\MYTECHERP FOLDER\first day of csharp\MytechERP\backend\MyTechERP.Infrastructure\MyTechERP.Infrastructure.csproj]
G:\MYTECHERP FOLDER\first day of csharp\MytechERP\backend\MyTechERP.Infrastructure\Services\InventoryService.cs(236,28): warning CS8629: Nullable value type may be null. [G:\MYTECHERP FOLDER\first day of csharp\MytechERP\backend\MyTechERP.Infrastructure\MyTechERP.Infrastructure.csproj]

Build FAILED.

G:\MYTECHERP FOLDER\first day of csharp\MytechERP\backend\MyTechERP.Infrastructure\Services\UniversalSyncService.cs(8,7): warning CS0105: The using directive for 'Microsoft.EntityFrameworkCore' appeared previously in this namespace [G:\MYTECHERP FOLDER\first day of csharp\MytechERP\backend\MyTechERP.Infrastructure\MyTechERP.Infrastructure.csproj]
G:\MYTECHERP FOLDER\first day of csharp\MytechERP\backend\MyTechERP.Infrastructure\Persistence\ApplicationDbContext.cs(33,16): warning CS8618: Non-nullable field 'dummyUserService' must contain a non-null value when exiting constructor. Consider adding the 'required' modifier or declaring the field as nullable. [G:\MYTECHERP FOLDER\first day of csharp\MytechERP\backend\MyTechERP.Infrastructure\MyTechERP.Infrastructure.csproj]
G:\MYTECHERP FOLDER\first day of csharp\MytechERP\backend\MyTechERP.Infrastructure\Persistence\ApplicationDbContext.cs(39,16): warning CS8618: Non-nullable field '_currentUserService' must contain a non-null value when exiting constructor. Consider adding the 'required' modifier or declaring the field as nullable. [G:\MYTECHERP FOLDER\first day of csharp\MytechERP\backend\MyTechERP.Infrastructure\MyTechERP.Infrastructure.csproj]
G:\MYTECHERP FOLDER\first day of csharp\MytechERP\backend\MyTechERP.Infrastructure\Persistence\ApplicationDbContext.cs(155,48): warning CS8605: Unboxing a possibly null value. [G:\MYTECHERP FOLDER\first day of csharp\MytechERP\backend\MyTechERP.Infrastructure\MyTechERP.Infrastructure.csproj]
G:\MYTECHERP FOLDER\first day of csharp\MytechERP\backend\MyTechERP.Infrastructure\Services\WorkOrderService.cs(153,39): warning CS8602: Dereference of a possibly null reference. [G:\MYTECHERP FOLDER\first day of csharp\MytechERP\backend\MyTechERP.Infrastructure\MyTechERP.Infrastructure.csproj]
G:\MYTECHERP FOLDER\first day of csharp\MytechERP\backend\MyTechERP.Infrastructure\Services\WorkOrderService.cs(155,39): warning CS8602: Dereference of a possibly null reference. [G:\MYTECHERP FOLDER\first day of csharp\MytechERP\backend\MyTechERP.Infrastructure\MyTechERP.Infrastructure.csproj]
G:\MYTECHERP FOLDER\first day of csharp\MytechERP\backend\MyTechERP.Infrastructure\Services\WorkOrderService.cs(212,41): warning CS8600: Converting null literal or possible null value to non-nullable type. [G:\MYTECHERP FOLDER\first day of csharp\MytechERP\backend\MyTechERP.Infrastructure\MyTechERP.Infrastructure.csproj]
G:\MYTECHERP FOLDER\first day of csharp\MytechERP\backend\MyTechERP.Infrastructure\Services\WorkOrderService.cs(217,34): warning CS8600: Converting null literal or possible null value to non-nullable type. [G:\MYTECHERP FOLDER\first day of csharp\MytechERP\backend\MyTechERP.Infrastructure\MyTechERP.Infrastructure.csproj]
G:\MYTECHERP FOLDER\first day of csharp\MytechERP\backend\MyTechERP.Infrastructure\Repositories\WorkOrderRepository.cs(33,35): warning CS8602: Dereference of a possibly null reference. [G:\MYTECHERP FOLDER\first day of csharp\MytechERP\backend\MyTechERP.Infrastructure\MyTechERP.Infrastructure.csproj]
G:\MYTECHERP FOLDER\first day of csharp\MytechERP\backend\MyTechERP.Infrastructure\Services\WorkOrderService.cs(400,31): warning CS8629: Nullable value type may be null. [G:\MYTECHERP FOLDER\first day of csharp\MytechERP\backend\MyTechERP.Infrastructure\MyTechERP.Infrastructure.csproj]
G:\MYTECHERP FOLDER\first day of csharp\MytechERP\backend\MyTechERP.Infrastructure\Services\WorkOrderService.cs(401,32): warning CS8629: Nullable value type may be null. [G:\MYTECHERP FOLDER\first day of csharp\MytechERP\backend\MyTechERP.Infrastructure\MyTechERP.Infrastructure.csproj]
G:\MYTECHERP FOLDER\first day of csharp\MytechERP\backend\MyTechERP.Infrastructure\Repositories\WorkOrderRepository.cs(72,35): warning CS8602: Dereference of a possibly null reference. [G:\MYTECHERP FOLDER\first day of csharp\MytechERP\backend\MyTechERP.Infrastructure\MyTechERP.Infrastructure.csproj]
G:\MYTECHERP FOLDER\first day of csharp\MytechERP\backend\MyTechERP.Infrastructure\Services\UniversalSyncService.cs(59,98): warning CS8601: Possible null reference assignment. [G:\MYTECHERP FOLDER\first day of csharp\MytechERP\backend\MyTechERP.Infrastructure\MyTechERP.Infrastructure.csproj]
G:\MYTECHERP FOLDER\first day of csharp\MytechERP\backend\MyTechERP.Infrastructure\Services\UniversalSyncService.cs(59,32): warning CS8600: Converting null literal or possible null value to non-nullable type. [G:\MYTECHERP FOLDER\first day of csharp\MytechERP\backend\MyTechERP.Infrastructure\MyTechERP.Infrastructure.csproj]
G:\MYTECHERP FOLDER\first day of csharp\MytechERP\backend\MyTechERP.Infrastructure\Services\UniversalSyncService.cs(60,38): warning CS8602: Dereference of a possibly null reference. [G:\MYTECHERP FOLDER\first day of csharp\MytechERP\backend\MyTechERP.Infrastructure\MyTechERP.Infrastructure.csproj]
G:\MYTECHERP FOLDER\first day of csharp\MytechERP\backend\MyTechERP.Infrastructure\Services\UniversalSyncService.cs(110,40): warning CS8600: Converting null literal or possible null value to non-nullable type. [G:\MYTECHERP FOLDER\first day of csharp\MytechERP\backend\MyTechERP.Infrastructure\MyTechERP.Infrastructure.csproj]
G:\MYTECHERP FOLDER\first day of csharp\MytechERP\backend\MyTechERP.Infrastructure\Services\UniversalSyncService.cs(111,35): warning CS8602: Dereference of a possibly null reference. [G:\MYTECHERP FOLDER\first day of csharp\MytechERP\backend\MyTechERP.Infrastructure\MyTechERP.Infrastructure.csproj]
G:\MYTECHERP FOLDER\first day of csharp\MytechERP\backend\MyTechERP.Infrastructure\Migrations\QuotationRepository.cs(41,24): warning CS8603: Possible null reference return. [G:\MYTECHERP FOLDER\first day of csharp\MytechERP\backend\MyTechERP.Infrastructure\MyTechERP.Infrastructure.csproj]
G:\MYTECHERP FOLDER\first day of csharp\MytechERP\backend\MyTechERP.Infrastructure\Services\QuotationService.cs(71,34): warning CS8601: Possible null reference assignment. [G:\MYTECHERP FOLDER\first day of csharp\MytechERP\backend\MyTechERP.Infrastructure\MyTechERP.Infrastructure.csproj]
G:\MYTECHERP FOLDER\first day of csharp\MytechERP\backend\MyTechERP.Infrastructure\Services\QuotationService.cs(81,20): warning CS8603: Possible null reference return. [G:\MYTECHERP FOLDER\first day of csharp\MytechERP\backend\MyTechERP.Infrastructure\MyTechERP.Infrastructure.csproj]
G:\MYTECHERP FOLDER\first day of csharp\MytechERP\backend\MyTechERP.Infrastructure\Services\QuotationService.cs(136,20): warning CS8603: Possible null reference return. [G:\MYTECHERP FOLDER\first day of csharp\MytechERP\backend\MyTechERP.Infrastructure\MyTechERP.Infrastructure.csproj]
G:\MYTECHERP FOLDER\first day of csharp\MytechERP\backend\MyTechERP.Infrastructure\Seeds\DefaultRoles.cs(23,56): warning CS8604: Possible null reference argument for parameter 'adminRole' in 'Task DefaultRoles.SeedClaimsForSuperAdmin(RoleManager<IdentityRole> roleManager, IdentityRole adminRole)'. [G:\MYTECHERP FOLDER\first day of csharp\MytechERP\backend\MyTechERP.Infrastructure\MyTechERP.Infrastructure.csproj]
G:\MYTECHERP FOLDER\first day of csharp\MytechERP\backend\MyTechERP.Infrastructure\Services\QuotationService.cs(323,17): warning CS8602: Dereference of a possibly null reference. [G:\MYTECHERP FOLDER\first day of csharp\MytechERP\backend\MyTechERP.Infrastructure\MyTechERP.Infrastructure.csproj]
G:\MYTECHERP FOLDER\first day of csharp\MytechERP\backend\MyTechERP.Infrastructure\Services\QuotationService.cs(338,17): warning CS8602: Dereference of a possibly null reference. [G:\MYTECHERP FOLDER\first day of csharp\MytechERP\backend\MyTechERP.Infrastructure\MyTechERP.Infrastructure.csproj]
G:\MYTECHERP FOLDER\first day of csharp\MytechERP\backend\MyTechERP.Infrastructure\Services\AuthService.cs(153,75): warning CS8604: Possible null reference argument for parameter 's' in 'byte[] Encoding.GetBytes(string s)'. [G:\MYTECHERP FOLDER\first day of csharp\MytechERP\backend\MyTechERP.Infrastructure\MyTechERP.Infrastructure.csproj]
G:\MYTECHERP FOLDER\first day of csharp\MytechERP\backend\MyTechERP.Infrastructure\Services\AuthService.cs(157,71): warning CS8604: Possible null reference argument for parameter 's' in 'double double.Parse(string s)'. [G:\MYTECHERP FOLDER\first day of csharp\MytechERP\backend\MyTechERP.Infrastructure\MyTechERP.Infrastructure.csproj]
G:\MYTECHERP FOLDER\first day of csharp\MytechERP\backend\MyTechERP.Infrastructure\Services\AuthService.cs(169,29): warning CS8601: Possible null reference assignment. [G:\MYTECHERP FOLDER\first day of csharp\MytechERP\backend\MyTechERP.Infrastructure\MyTechERP.Infrastructure.csproj]
G:\MYTECHERP FOLDER\first day of csharp\MytechERP\backend\MyTechERP.Infrastructure\Services\AuthService.cs(170,32): warning CS8601: Possible null reference assignment. [G:\MYTECHERP FOLDER\first day of csharp\MytechERP\backend\MyTechERP.Infrastructure\MyTechERP.Infrastructure.csproj]
G:\MYTECHERP FOLDER\first day of csharp\MytechERP\backend\MyTechERP.Infrastructure\Services\BlobService.cs(21,39): warning CS8600: Converting null literal or possible null value to non-nullable type. [G:\MYTECHERP FOLDER\first day of csharp\MytechERP\backend\MyTechERP.Infrastructure\MyTechERP.Infrastructure.csproj]
G:\MYTECHERP FOLDER\first day of csharp\MytechERP\backend\MyTechERP.Infrastructure\Services\AuthService.cs(239,20): warning CS8619: Nullability of reference types in value of type 'List<string?>' doesn't match target type 'IEnumerable<string>'. [G:\MYTECHERP FOLDER\first day of csharp\MytechERP\backend\MyTechERP.Infrastructure\MyTechERP.Infrastructure.csproj]
G:\MYTECHERP FOLDER\first day of csharp\MytechERP\backend\MyTechERP.Infrastructure\Services\ProductImportService.cs(130,20): warning CS8603: Possible null reference return. [G:\MYTECHERP FOLDER\first day of csharp\MytechERP\backend\MyTechERP.Infrastructure\MyTechERP.Infrastructure.csproj]
G:\MYTECHERP FOLDER\first day of csharp\MytechERP\backend\MyTechERP.Infrastructure\Services\ProductImportService.cs(150,24): warning CS8600: Converting null literal or possible null value to non-nullable type. [G:\MYTECHERP FOLDER\first day of csharp\MytechERP\backend\MyTechERP.Infrastructure\MyTechERP.Infrastructure.csproj]
G:\MYTECHERP FOLDER\first day of csharp\MytechERP\backend\MyTechERP.Infrastructure\Services\ProductImportService.cs(151,17): warning CS8602: Dereference of a possibly null reference. [G:\MYTECHERP FOLDER\first day of csharp\MytechERP\backend\MyTechERP.Infrastructure\MyTechERP.Infrastructure.csproj]
G:\MYTECHERP FOLDER\first day of csharp\MytechERP\backend\MyTechERP.Infrastructure\Services\ContractService.cs(106,16): warning CS8602: Dereference of a possibly null reference. [G:\MYTECHERP FOLDER\first day of csharp\MytechERP\backend\MyTechERP.Infrastructure\MyTechERP.Infrastructure.csproj]
G:\MYTECHERP FOLDER\first day of csharp\MytechERP\backend\MyTechERP.Infrastructure\Services\DigitalSignatureService.cs(30,60): warning CS8604: Possible null reference argument for parameter 'uriString' in 'Uri.Uri(string uriString)'. [G:\MYTECHERP FOLDER\first day of csharp\MytechERP\backend\MyTechERP.Infrastructure\MyTechERP.Infrastructure.csproj]
G:\MYTECHERP FOLDER\first day of csharp\MytechERP\backend\MyTechERP.Infrastructure\Services\EmailService.cs(72,41): warning CS8604: Possible null reference argument for parameter 'value' in 'bool bool.Parse(string value)'. [G:\MYTECHERP FOLDER\first day of csharp\MytechERP\backend\MyTechERP.Infrastructure\MyTechERP.Infrastructure.csproj]
G:\MYTECHERP FOLDER\first day of csharp\MytechERP\backend\MyTechERP.Infrastructure\Services\InventoryService.cs(186,32): warning CS8629: Nullable value type may be null. [G:\MYTECHERP FOLDER\first day of csharp\MytechERP\backend\MyTechERP.Infrastructure\MyTechERP.Infrastructure.csproj]
G:\MYTECHERP FOLDER\first day of csharp\MytechERP\backend\MyTechERP.Infrastructure\Services\InventoryService.cs(236,28): warning CS8629: Nullable value type may be null. [G:\MYTECHERP FOLDER\first day of csharp\MytechERP\backend\MyTechERP.Infrastructure\MyTechERP.Infrastructure.csproj]
G:\MYTECHERP FOLDER\first day of csharp\MytechERP\backend\MyTechERP.Infrastructure\Services\InvoiceService.cs(129,67): error CS1061: 'Customer' does not contain a definition for 'FirstName' and no accessible extension method 'FirstName' accepting a first argument of type 'Customer' could be found (are you missing a using directive or an assembly reference?) [G:\MYTECHERP FOLDER\first day of csharp\MytechERP\backend\MyTechERP.Infrastructure\MyTechERP.Infrastructure.csproj]
G:\MYTECHERP FOLDER\first day of csharp\MytechERP\backend\MyTechERP.Infrastructure\Services\InvoiceService.cs(129,90): error CS1061: 'Customer' does not contain a definition for 'LastName' and no accessible extension method 'LastName' accepting a first argument of type 'Customer' could be found (are you missing a using directive or an assembly reference?) [G:\MYTECHERP FOLDER\first day of csharp\MytechERP\backend\MyTechERP.Infrastructure\MyTechERP.Infrastructure.csproj]
G:\MYTECHERP FOLDER\first day of csharp\MytechERP\backend\MyTechERP.Infrastructure\Services\InvoiceService.cs(158,67): error CS1061: 'Customer' does not contain a definition for 'FirstName' and no accessible extension method 'FirstName' accepting a first argument of type 'Customer' could be found (are you missing a using directive or an assembly reference?) [G:\MYTECHERP FOLDER\first day of csharp\MytechERP\backend\MyTechERP.Infrastructure\MyTechERP.Infrastructure.csproj]
G:\MYTECHERP FOLDER\first day of csharp\MytechERP\backend\MyTechERP.Infrastructure\Services\InvoiceService.cs(158,90): error CS1061: 'Customer' does not contain a definition for 'LastName' and no accessible extension method 'LastName' accepting a first argument of type 'Customer' could be found (are you missing a using directive or an assembly reference?) [G:\MYTECHERP FOLDER\first day of csharp\MytechERP\backend\MyTechERP.Infrastructure\MyTechERP.Infrastructure.csproj]
G:\MYTECHERP FOLDER\first day of csharp\MytechERP\backend\MyTechERP.Infrastructure\Services\InvoiceService.cs(175,34): error CS0019: Operator '??' cannot be applied to operands of type 'decimal' and 'decimal' [G:\MYTECHERP FOLDER\first day of csharp\MytechERP\backend\MyTechERP.Infrastructure\MyTechERP.Infrastructure.csproj]
    38 Warning(s)
    5 Error(s)

Time Elapsed 00:00:04.59
